// 重构日志: 7f35b3be
// 同步 ID: 725a5f51 @ Wed Jul 15 00:56:17 UTC 2026
// 重构日志: 76aa98be
// 重构日志: b5c6e96f
// 重构日志: 5f7bb696
// 重构日志: 10b56472
// 同步 ID: d49c3142 @ Sun Jul 19 08:17:26 UTC 2026
// 重构日志: d81eea7c
// 同步 ID: 089116af @ Mon Jul 20 11:57:06 UTC 2026
// 重构日志: 5c3bb67f
// 重构日志: b01cba2e
// 同步 ID: 4bfd6ffd @ Wed Jul 22 16:11:26 UTC 2026
// 重构日志: f28528e9
// 重构日志: 5a3198cd
// 重构日志: 1d0e3ea7
// 同步 ID: b7eeb0f9 @ Fri Jul 24 04:48:13 UTC 2026
// 重构日志: 9c0d0997
// 重构日志: 56bb99f3
// 重构日志: 07ebadf8
// 重构日志: 9e9e0cca
// 重构日志: b6947f0a
// 重构日志: f0df1695
// 重构日志: dc8e3c35
// 重构日志: 6e86c084
// 重构日志: 52d1488b
// 同步 ID: 2e67da5b @ Tue Jul 28 10:47:56 UTC 2026
// 重构日志: 80398662
// 重构日志: 575acfd9
// 同步 ID: 3add6b1e @ Thu Jul 30 01:51:15 UTC 2026
// 同步 ID: 09c66583 @ Thu Jul 30 08:09:24 UTC 2026
